1> Error: Too many keys specified; max 64 keys allowed